<?xml version="1.0" encoding="ISO-8859-1" ?>
<link_info>
   <banner>TI ARM Linker PC v20.2.7.LTS</banner>
   <copyright>Copyright (c) 1996-2018 Texas Instruments Incorporated</copyright>
   <link_time>0x63f585ff</link_time>
   <link_errors>0x0</link_errors>
   <output_file>gpiointerrupt_CC3220S_LAUNCHXL_nortos_ccs.out</output_file>
   <entry_point>
      <name>resetISR</name>
      <address>0x20011dd1</address>
   </entry_point>
   <input_file_list>
      <input_file id="fl-2">
         <path>.\</path>
         <kind>object</kind>
         <file>gpiointerrupt.obj</file>
         <name>gpiointerrupt.obj</name>
      </input_file>
      <input_file id="fl-3">
         <path>.\syscfg\</path>
         <kind>object</kind>
         <file>ti_drivers_config.obj</file>
         <name>ti_drivers_config.obj</name>
      </input_file>
      <input_file id="fl-4">
         <path>.\</path>
         <kind>object</kind>
         <file>main_nortos.obj</file>
         <name>main_nortos.obj</name>
      </input_file>
      <input_file id="fl-d">
         <kind>object</kind>
         <file>&lt;internal&gt;</file>
         <name>&lt;internal&gt;</name>
      </input_file>
      <input_file id="fl-e">
         <path>C:\ti\simplelink_cc32xx_sdk_6_10_00_05\source\ti\drivers\lib\ccs\m4\</path>
         <kind>archive</kind>
         <file>drivers_cc32xx.a</file>
         <name>GPIO.oem4</name>
      </input_file>
      <input_file id="fl-f">
         <path>C:\ti\simplelink_cc32xx_sdk_6_10_00_05\source\ti\drivers\lib\ccs\m4\</path>
         <kind>archive</kind>
         <file>drivers_cc32xx.a</file>
         <name>I2C.oem4</name>
      </input_file>
      <input_file id="fl-10">
         <path>C:\ti\simplelink_cc32xx_sdk_6_10_00_05\source\ti\drivers\lib\ccs\m4\</path>
         <kind>archive</kind>
         <file>drivers_cc32xx.a</file>
         <name>Timer.oem4</name>
      </input_file>
      <input_file id="fl-11">
         <path>C:\ti\simplelink_cc32xx_sdk_6_10_00_05\source\ti\drivers\lib\ccs\m4\</path>
         <kind>archive</kind>
         <file>drivers_cc32xx.a</file>
         <name>UART.oem4</name>
      </input_file>
      <input_file id="fl-12">
         <path>C:\ti\simplelink_cc32xx_sdk_6_10_00_05\source\ti\drivers\lib\ccs\m4\</path>
         <kind>archive</kind>
         <file>drivers_cc32xx.a</file>
         <name>GPIOCC32XX.oem4</name>
      </input_file>
      <input_file id="fl-13">
         <path>C:\ti\simplelink_cc32xx_sdk_6_10_00_05\source\ti\drivers\lib\ccs\m4\</path>
         <kind>archive</kind>
         <file>drivers_cc32xx.a</file>
         <name>I2CCC32XX.oem4</name>
      </input_file>
      <input_file id="fl-14">
         <path>C:\ti\simplelink_cc32xx_sdk_6_10_00_05\source\ti\drivers\lib\ccs\m4\</path>
         <kind>archive</kind>
         <file>drivers_cc32xx.a</file>
         <name>PowerCC32XX.oem4</name>
      </input_file>
      <input_file id="fl-15">
         <path>C:\ti\simplelink_cc32xx_sdk_6_10_00_05\source\ti\drivers\lib\ccs\m4\</path>
         <kind>archive</kind>
         <file>drivers_cc32xx.a</file>
         <name>PowerCC32XX_asm.oem4</name>
      </input_file>
      <input_file id="fl-16">
         <path>C:\ti\simplelink_cc32xx_sdk_6_10_00_05\source\ti\drivers\lib\ccs\m4\</path>
         <kind>archive</kind>
         <file>drivers_cc32xx.a</file>
         <name>PWMTimerCC32XX.oem4</name>
      </input_file>
      <input_file id="fl-17">
         <path>C:\ti\simplelink_cc32xx_sdk_6_10_00_05\source\ti\drivers\lib\ccs\m4\</path>
         <kind>archive</kind>
         <file>drivers_cc32xx.a</file>
         <name>TimerCC32XX.oem4</name>
      </input_file>
      <input_file id="fl-18">
         <path>C:\ti\simplelink_cc32xx_sdk_6_10_00_05\source\ti\drivers\lib\ccs\m4\</path>
         <kind>archive</kind>
         <file>drivers_cc32xx.a</file>
         <name>UARTCC32XX.oem4</name>
      </input_file>
      <input_file id="fl-19">
         <path>C:\ti\simplelink_cc32xx_sdk_6_10_00_05\source\ti\drivers\lib\ccs\m4\</path>
         <kind>archive</kind>
         <file>drivers_cc32xx.a</file>
         <name>List.oem4</name>
      </input_file>
      <input_file id="fl-1a">
         <path>C:\ti\simplelink_cc32xx_sdk_6_10_00_05\source\ti\drivers\lib\ccs\m4\</path>
         <kind>archive</kind>
         <file>drivers_cc32xx.a</file>
         <name>RingBuf.oem4</name>
      </input_file>
      <input_file id="fl-1b">
         <path>C:\ti\simplelink_cc32xx_sdk_6_10_00_05\kernel\nortos\lib\ccs\m4\</path>
         <kind>archive</kind>
         <file>nortos_cc32xx.a</file>
         <name>NoRTOS.oem4</name>
      </input_file>
      <input_file id="fl-1c">
         <path>C:\ti\simplelink_cc32xx_sdk_6_10_00_05\kernel\nortos\lib\ccs\m4\</path>
         <kind>archive</kind>
         <file>nortos_cc32xx.a</file>
         <name>SemaphoreP_nortos.oem4</name>
      </input_file>
      <input_file id="fl-1d">
         <path>C:\ti\simplelink_cc32xx_sdk_6_10_00_05\kernel\nortos\lib\ccs\m4\</path>
         <kind>archive</kind>
         <file>nortos_cc32xx.a</file>
         <name>ClockPSysTick_nortos.oem4</name>
      </input_file>
      <input_file id="fl-1e">
         <path>C:\ti\simplelink_cc32xx_sdk_6_10_00_05\kernel\nortos\lib\ccs\m4\</path>
         <kind>archive</kind>
         <file>nortos_cc32xx.a</file>
         <name>HwiPCC32XX_nortos.oem4</name>
      </input_file>
      <input_file id="fl-1f">
         <path>C:\ti\simplelink_cc32xx_sdk_6_10_00_05\kernel\nortos\lib\ccs\m4\</path>
         <kind>archive</kind>
         <file>nortos_cc32xx.a</file>
         <name>PowerCC32XX_nortos.oem4</name>
      </input_file>
      <input_file id="fl-20">
         <path>C:\ti\simplelink_cc32xx_sdk_6_10_00_05\kernel\nortos\lib\ccs\m4\</path>
         <kind>archive</kind>
         <file>nortos_cc32xx.a</file>
         <name>startup_cc32xx_ccs.oem4</name>
      </input_file>
      <input_file id="fl-21">
         <path>C:\ti\simplelink_cc32xx_sdk_6_10_00_05\kernel\nortos\lib\ccs\m4\</path>
         <kind>archive</kind>
         <file>nortos_cc32xx.a</file>
         <name>SwiP_nortos.oem4</name>
      </input_file>
      <input_file id="fl-22">
         <path>C:\ti\simplelink_cc32xx_sdk_6_10_00_05\kernel\nortos\lib\ccs\m4\</path>
         <kind>archive</kind>
         <file>nortos_cc32xx.a</file>
         <name>QueueP_nortos.oem4</name>
      </input_file>
      <input_file id="fl-23">
         <path>C:\ti\simplelink_cc32xx_sdk_6_10_00_05\source\ti\devices\cc32xx\driverlib\ccs\Release\</path>
         <kind>archive</kind>
         <file>driverlib.a</file>
         <name>cpu.obj</name>
      </input_file>
      <input_file id="fl-24">
         <path>C:\ti\simplelink_cc32xx_sdk_6_10_00_05\source\ti\devices\cc32xx\driverlib\ccs\Release\</path>
         <kind>archive</kind>
         <file>driverlib.a</file>
         <name>i2c.obj</name>
      </input_file>
      <input_file id="fl-25">
         <path>C:\ti\simplelink_cc32xx_sdk_6_10_00_05\source\ti\devices\cc32xx\driverlib\ccs\Release\</path>
         <kind>archive</kind>
         <file>driverlib.a</file>
         <name>interrupt.obj</name>
      </input_file>
      <input_file id="fl-26">
         <path>C:\ti\simplelink_cc32xx_sdk_6_10_00_05\source\ti\devices\cc32xx\driverlib\ccs\Release\</path>
         <kind>archive</kind>
         <file>driverlib.a</file>
         <name>pin.obj</name>
      </input_file>
      <input_file id="fl-27">
         <path>C:\ti\simplelink_cc32xx_sdk_6_10_00_05\source\ti\devices\cc32xx\driverlib\ccs\Release\</path>
         <kind>archive</kind>
         <file>driverlib.a</file>
         <name>prcm.obj</name>
      </input_file>
      <input_file id="fl-28">
         <path>C:\ti\simplelink_cc32xx_sdk_6_10_00_05\source\ti\devices\cc32xx\driverlib\ccs\Release\</path>
         <kind>archive</kind>
         <file>driverlib.a</file>
         <name>timer.obj</name>
      </input_file>
      <input_file id="fl-29">
         <path>C:\ti\simplelink_cc32xx_sdk_6_10_00_05\source\ti\devices\cc32xx\driverlib\ccs\Release\</path>
         <kind>archive</kind>
         <file>driverlib.a</file>
         <name>uart.obj</name>
      </input_file>
      <input_file id="fl-2a">
         <path>C:\ti\simplelink_cc32xx_sdk_6_10_00_05\source\ti\devices\cc32xx\driverlib\ccs\Release\</path>
         <kind>archive</kind>
         <file>driverlib.a</file>
         <name>utils.obj</name>
      </input_file>
      <input_file id="fl-2b">
         <path>C:\ti\simplelink_cc32xx_sdk_6_10_00_05\source\ti\devices\cc32xx\driverlib\ccs\Release\</path>
         <kind>archive</kind>
         <file>driverlib.a</file>
         <name>flash.obj</name>
      </input_file>
      <input_file id="fl-e1">
         <path>C:\ti\ccs1210\ccs\tools\compiler\ti-cgt-arm_20.2.7.LTS\lib\</path>
         <kind>archive</kind>
         <file>rtsv7M4_T_le_eabi.lib</file>
         <name>snprintf.c.obj</name>
      </input_file>
      <input_file id="fl-e2">
         <path>C:\ti\ccs1210\ccs\tools\compiler\ti-cgt-arm_20.2.7.LTS\lib\</path>
         <kind>archive</kind>
         <file>rtsv7M4_T_le_eabi.lib</file>
         <name>fs_mul_t2.asm.obj</name>
      </input_file>
      <input_file id="fl-e3">
         <path>C:\ti\ccs1210\ccs\tools\compiler\ti-cgt-arm_20.2.7.LTS\lib\</path>
         <kind>archive</kind>
         <file>rtsv7M4_T_le_eabi.lib</file>
         <name>fs_toi_t2.asm.obj</name>
      </input_file>
      <input_file id="fl-e4">
         <path>C:\ti\ccs1210\ccs\tools\compiler\ti-cgt-arm_20.2.7.LTS\lib\</path>
         <kind>archive</kind>
         <file>rtsv7M4_T_le_eabi.lib</file>
         <name>i_tofs_t2.asm.obj</name>
      </input_file>
      <input_file id="fl-e5">
         <path>C:\ti\ccs1210\ccs\tools\compiler\ti-cgt-arm_20.2.7.LTS\lib\</path>
         <kind>archive</kind>
         <file>rtsv7M4_T_le_eabi.lib</file>
         <name>ll_mul_t2.asm.obj</name>
      </input_file>
      <input_file id="fl-e6">
         <path>C:\ti\ccs1210\ccs\tools\compiler\ti-cgt-arm_20.2.7.LTS\lib\</path>
         <kind>archive</kind>
         <file>rtsv7M4_T_le_eabi.lib</file>
         <name>memcpy_t2.asm.obj</name>
      </input_file>
      <input_file id="fl-e7">
         <path>C:\ti\ccs1210\ccs\tools\compiler\ti-cgt-arm_20.2.7.LTS\lib\</path>
         <kind>archive</kind>
         <file>rtsv7M4_T_le_eabi.lib</file>
         <name>ull_div_t2.asm.obj</name>
      </input_file>
      <input_file id="fl-e8">
         <path>C:\ti\ccs1210\ccs\tools\compiler\ti-cgt-arm_20.2.7.LTS\lib\</path>
         <kind>archive</kind>
         <file>rtsv7M4_T_le_eabi.lib</file>
         <name>copy_zero_init.c.obj</name>
      </input_file>
      <input_file id="fl-e9">
         <path>C:\ti\ccs1210\ccs\tools\compiler\ti-cgt-arm_20.2.7.LTS\lib\</path>
         <kind>archive</kind>
         <file>rtsv7M4_T_le_eabi.lib</file>
         <name>copy_decompress_none.c.obj</name>
      </input_file>
      <input_file id="fl-ea">
         <path>C:\ti\ccs1210\ccs\tools\compiler\ti-cgt-arm_20.2.7.LTS\lib\</path>
         <kind>archive</kind>
         <file>rtsv7M4_T_le_eabi.lib</file>
         <name>copy_decompress_lzss.c.obj</name>
      </input_file>
      <input_file id="fl-eb">
         <path>C:\ti\ccs1210\ccs\tools\compiler\ti-cgt-arm_20.2.7.LTS\lib\</path>
         <kind>archive</kind>
         <file>rtsv7M4_T_le_eabi.lib</file>
         <name>memory.c.obj</name>
      </input_file>
      <input_file id="fl-ec">
         <path>C:\ti\ccs1210\ccs\tools\compiler\ti-cgt-arm_20.2.7.LTS\lib\</path>
         <kind>archive</kind>
         <file>rtsv7M4_T_le_eabi.lib</file>
         <name>boot_cortex_m.c.obj</name>
      </input_file>
      <input_file id="fl-ed">
         <path>C:\ti\ccs1210\ccs\tools\compiler\ti-cgt-arm_20.2.7.LTS\lib\</path>
         <kind>archive</kind>
         <file>rtsv7M4_T_le_eabi.lib</file>
         <name>_printfi.c.obj</name>
      </input_file>
      <input_file id="fl-ee">
         <path>C:\ti\ccs1210\ccs\tools\compiler\ti-cgt-arm_20.2.7.LTS\lib\</path>
         <kind>archive</kind>
         <file>rtsv7M4_T_le_eabi.lib</file>
         <name>div0.asm.obj</name>
      </input_file>
      <input_file id="fl-ef">
         <path>C:\ti\ccs1210\ccs\tools\compiler\ti-cgt-arm_20.2.7.LTS\lib\</path>
         <kind>archive</kind>
         <file>rtsv7M4_T_le_eabi.lib</file>
         <name>fd_add_t2.asm.obj</name>
      </input_file>
      <input_file id="fl-f0">
         <path>C:\ti\ccs1210\ccs\tools\compiler\ti-cgt-arm_20.2.7.LTS\lib\</path>
         <kind>archive</kind>
         <file>rtsv7M4_T_le_eabi.lib</file>
         <name>fd_cmp_t2.asm.obj</name>
      </input_file>
      <input_file id="fl-f1">
         <path>C:\ti\ccs1210\ccs\tools\compiler\ti-cgt-arm_20.2.7.LTS\lib\</path>
         <kind>archive</kind>
         <file>rtsv7M4_T_le_eabi.lib</file>
         <name>fd_div_t2.asm.obj</name>
      </input_file>
      <input_file id="fl-f2">
         <path>C:\ti\ccs1210\ccs\tools\compiler\ti-cgt-arm_20.2.7.LTS\lib\</path>
         <kind>archive</kind>
         <file>rtsv7M4_T_le_eabi.lib</file>
         <name>fd_mul_t2.asm.obj</name>
      </input_file>
      <input_file id="fl-f3">
         <path>C:\ti\ccs1210\ccs\tools\compiler\ti-cgt-arm_20.2.7.LTS\lib\</path>
         <kind>archive</kind>
         <file>rtsv7M4_T_le_eabi.lib</file>
         <name>fd_toi_t2.asm.obj</name>
      </input_file>
      <input_file id="fl-f4">
         <path>C:\ti\ccs1210\ccs\tools\compiler\ti-cgt-arm_20.2.7.LTS\lib\</path>
         <kind>archive</kind>
         <file>rtsv7M4_T_le_eabi.lib</file>
         <name>i_tofd_t2.asm.obj</name>
      </input_file>
      <input_file id="fl-f5">
         <path>C:\ti\ccs1210\ccs\tools\compiler\ti-cgt-arm_20.2.7.LTS\lib\</path>
         <kind>archive</kind>
         <file>rtsv7M4_T_le_eabi.lib</file>
         <name>memset_t2.asm.obj</name>
      </input_file>
      <input_file id="fl-f6">
         <path>C:\ti\ccs1210\ccs\tools\compiler\ti-cgt-arm_20.2.7.LTS\lib\</path>
         <kind>archive</kind>
         <file>rtsv7M4_T_le_eabi.lib</file>
         <name>autoinit.c.obj</name>
      </input_file>
      <input_file id="fl-f7">
         <path>C:\ti\ccs1210\ccs\tools\compiler\ti-cgt-arm_20.2.7.LTS\lib\</path>
         <kind>archive</kind>
         <file>rtsv7M4_T_le_eabi.lib</file>
         <name>pre_init.c.obj</name>
      </input_file>
      <input_file id="fl-f8">
         <path>C:\ti\ccs1210\ccs\tools\compiler\ti-cgt-arm_20.2.7.LTS\lib\</path>
         <kind>archive</kind>
         <file>rtsv7M4_T_le_eabi.lib</file>
         <name>cpy_tbl.c.obj</name>
      </input_file>
      <input_file id="fl-f9">
         <path>C:\ti\ccs1210\ccs\tools\compiler\ti-cgt-arm_20.2.7.LTS\lib\</path>
         <kind>archive</kind>
         <file>rtsv7M4_T_le_eabi.lib</file>
         <name>exit.c.obj</name>
      </input_file>
      <input_file id="fl-fa">
         <path>C:\ti\ccs1210\ccs\tools\compiler\ti-cgt-arm_20.2.7.LTS\lib\</path>
         <kind>archive</kind>
         <file>rtsv7M4_T_le_eabi.lib</file>
         <name>_lock.c.obj</name>
      </input_file>
      <input_file id="fl-fb">
         <path>C:\ti\ccs1210\ccs\tools\compiler\ti-cgt-arm_20.2.7.LTS\lib\</path>
         <kind>archive</kind>
         <file>rtsv7M4_T_le_eabi.lib</file>
         <name>_ltoa.c.obj</name>
      </input_file>
      <input_file id="fl-fc">
         <path>C:\ti\ccs1210\ccs\tools\compiler\ti-cgt-arm_20.2.7.LTS\lib\</path>
         <kind>archive</kind>
         <file>rtsv7M4_T_le_eabi.lib</file>
         <name>args_main.c.obj</name>
      </input_file>
      <input_file id="fl-fd">
         <path>C:\ti\ccs1210\ccs\tools\compiler\ti-cgt-arm_20.2.7.LTS\lib\</path>
         <kind>archive</kind>
         <file>rtsv7M4_T_le_eabi.lib</file>
         <name>atoi.c.obj</name>
      </input_file>
      <input_file id="fl-fe">
         <path>C:\ti\ccs1210\ccs\tools\compiler\ti-cgt-arm_20.2.7.LTS\lib\</path>
         <kind>archive</kind>
         <file>rtsv7M4_T_le_eabi.lib</file>
         <name>ctype.c.obj</name>
      </input_file>
      <input_file id="fl-ff">
         <path>C:\ti\ccs1210\ccs\tools\compiler\ti-cgt-arm_20.2.7.LTS\lib\</path>
         <kind>archive</kind>
         <file>rtsv7M4_T_le_eabi.lib</file>
         <name>memccpy.c.obj</name>
      </input_file>
      <input_file id="fl-100">
         <path>C:\ti\ccs1210\ccs\tools\compiler\ti-cgt-arm_20.2.7.LTS\lib\</path>
         <kind>archive</kind>
         <file>rtsv7M4_T_le_eabi.lib</file>
         <name>strchr.c.obj</name>
      </input_file>
      <input_file id="fl-101">
         <path>C:\ti\ccs1210\ccs\tools\compiler\ti-cgt-arm_20.2.7.LTS\lib\</path>
         <kind>archive</kind>
         <file>rtsv7M4_T_le_eabi.lib</file>
         <name>strlen.c.obj</name>
      </input_file>
      <input_file id="fl-102">
         <path>C:\ti\ccs1210\ccs\tools\compiler\ti-cgt-arm_20.2.7.LTS\lib\</path>
         <kind>archive</kind>
         <file>rtsv7M4_T_le_eabi.lib</file>
         <name>errno.c.obj</name>
      </input_file>
      <input_file id="fl-103">
         <path>C:\ti\ccs1210\ccs\tools\compiler\ti-cgt-arm_20.2.7.LTS\lib\</path>
         <kind>archive</kind>
         <file>rtsv7M4_T_le_eabi.lib</file>
         <name>wcslen.c.obj</name>
      </input_file>
      <input_file id="fl-104">
         <path>C:\ti\ccs1210\ccs\tools\compiler\ti-cgt-arm_20.2.7.LTS\lib\</path>
         <kind>archive</kind>
         <file>rtsv7M4_T_le_eabi.lib</file>
         <name>s_frexp.c.obj</name>
      </input_file>
      <input_file id="fl-105">
         <path>C:\ti\ccs1210\ccs\tools\compiler\ti-cgt-arm_20.2.7.LTS\lib\</path>
         <kind>archive</kind>
         <file>rtsv7M4_T_le_eabi.lib</file>
         <name>s_scalbn.c.obj</name>
      </input_file>
      <input_file id="fl-106">
         <path>C:\ti\ccs1210\ccs\tools\compiler\ti-cgt-arm_20.2.7.LTS\lib\</path>
         <kind>archive</kind>
         <file>rtsv7M4_T_le_eabi.lib</file>
         <name>s_copysign.c.obj</name>
      </input_file>
   </input_file_list>
   <object_component_list>
      <object_component id="oc-3aa">
         <name>.text:__TI_printfi</name>
         <load_address>0x2000c040</load_address>
         <run_address>0x2000c040</run_address>
         <size>0xa4e</size>
         <input_file_ref idref="fl-ed"/>
      </object_component>
      <object_component id="oc-1ed">
         <name>.text:Board_initHook</name>
         <load_address>0x2000ca8e</load_address>
         <run_address>0x2000ca8e</run_address>
         <size>0x2</size>
         <input_file_ref idref="fl-3"/>
      </object_component>
      <object_component id="oc-1db">
         <name>.text:PRCMCC3200MCUInit</name>
         <load_address>0x2000ca90</load_address>
         <run_address>0x2000ca90</run_address>
         <size>0x42c</size>
         <input_file_ref idref="fl-27"/>
      </object_component>
      <object_component id="oc-837">
         <name>.text:UARTCC32XX_open</name>
         <load_address>0x2000cebc</load_address>
         <run_address>0x2000cebc</run_address>
         <size>0x288</size>
         <input_file_ref idref="fl-18"/>
      </object_component>
      <object_component id="oc-559">
         <name>.text:_pconv_a</name>
         <load_address>0x2000d144</load_address>
         <run_address>0x2000d144</run_address>
         <size>0x268</size>
         <input_file_ref idref="fl-ed"/>
      </object_component>
      <object_component id="oc-547">
         <name>.text:_pconv_g</name>
         <load_address>0x2000d3ac</load_address>
         <run_address>0x2000d3ac</run_address>
         <size>0x1cc</size>
         <input_file_ref idref="fl-ed"/>
      </object_component>
      <object_component id="oc-213">
         <name>.text:initI2C</name>
         <load_address>0x2000d578</load_address>
         <run_address>0x2000d578</run_address>
         <size>0x1c8</size>
         <input_file_ref idref="fl-2"/>
      </object_component>
      <object_component id="oc-75b">
         <name>.text</name>
         <load_address>0x2000d740</load_address>
         <run_address>0x2000d740</run_address>
         <size>0x1b6</size>
         <input_file_ref idref="fl-ef"/>
      </object_component>
      <object_component id="oc-35f">
         <name>.text:I2C_init</name>
         <load_address>0x2000d8f6</load_address>
         <run_address>0x2000d8f6</run_address>
         <size>0x2</size>
         <input_file_ref idref="fl-f"/>
      </object_component>
      <object_component id="oc-410">
         <name>.text:PowerCC32XX_sleepPolicy</name>
         <load_address>0x2000d8f8</load_address>
         <run_address>0x2000d8f8</run_address>
         <size>0x1a0</size>
         <input_file_ref idref="fl-1f"/>
      </object_component>
      <object_component id="oc-1f5">
         <name>.text:GPIO_setConfig</name>
         <load_address>0x2000da98</load_address>
         <run_address>0x2000da98</run_address>
         <size>0x154</size>
         <input_file_ref idref="fl-12"/>
      </object_component>
      <object_component id="oc-4d5">
         <name>.text:I2CCC32XX_hwiFxn</name>
         <load_address>0x2000dbec</load_address>
         <run_address>0x2000dbec</run_address>
         <size>0x148</size>
         <input_file_ref idref="fl-13"/>
      </object_component>
      <object_component id="oc-7cb">
         <name>.text:parkPins</name>
         <load_address>0x2000dd34</load_address>
         <run_address>0x2000dd34</run_address>
         <size>0x148</size>
         <input_file_ref idref="fl-14"/>
      </object_component>
      <object_component id="oc-553">
         <name>.text:_pconv_e</name>
         <load_address>0x2000de7c</load_address>
         <run_address>0x2000de7c</run_address>
         <size>0x13c</size>
         <input_file_ref idref="fl-ed"/>
      </object_component>
      <object_component id="oc-5cf">
         <name>.text:Power_sleep</name>
         <load_address>0x2000dfb8</load_address>
         <run_address>0x2000dfb8</run_address>
         <size>0x138</size>
         <input_file_ref idref="fl-14"/>
      </object_component>
      <object_component id="oc-387">
         <name>.text:Timer_open</name>
         <load_address>0x2000e0f0</load_address>
         <run_address>0x2000e0f0</run_address>
         <size>0x138</size>
         <input_file_ref idref="fl-17"/>
      </object_component>
      <object_component id="oc-741">
         <name>.text</name>
         <load_address>0x2000e228</load_address>
         <run_address>0x2000e228</run_address>
         <size>0x136</size>
         <input_file_ref idref="fl-f1"/>
      </object_component>
      <object_component id="oc-40a">
         <name>.text:PowerCC32XX_initPolicy</name>
         <load_address>0x2000e35e</load_address>
         <run_address>0x2000e35e</run_address>
         <size>0x2</size>
         <input_file_ref idref="fl-1f"/>
      </object_component>
      <object_component id="oc-166">
         <name>.text:mainThread</name>
         <load_address>0x2000e360</load_address>
         <run_address>0x2000e360</run_address>
         <size>0x128</size>
         <input_file_ref idref="fl-2"/>
      </object_component>
      <object_component id="oc-4e3">
         <name>.text:I2C_transferTimeout</name>
         <load_address>0x2000e488</load_address>
         <run_address>0x2000e488</run_address>
         <size>0x122</size>
         <input_file_ref idref="fl-f"/>
      </object_component>
      <object_component id="oc-6e7">
         <name>.text:SemaphoreP_destruct</name>
         <load_address>0x2000e5aa</load_address>
         <run_address>0x2000e5aa</run_address>
         <size>0x2</size>
         <input_file_ref idref="fl-1c"/>
      </object_component>
      <object_component id="oc-825">
         <name>.text:UARTCC32XX_close</name>
         <load_address>0x2000e5ac</load_address>
         <run_address>0x2000e5ac</run_address>
         <size>0x120</size>
         <input_file_ref idref="fl-18"/>
      </object_component>
      <object_component id="oc-76d">
         <name>.text:fcvt</name>
         <load_address>0x2000e6cc</load_address>
         <run_address>0x2000e6cc</run_address>
         <size>0x120</size>
         <input_file_ref idref="fl-ed"/>
      </object_component>
      <object_component id="oc-632">
         <name>.text:aligned_alloc</name>
         <load_address>0x2000e7ec</load_address>
         <run_address>0x2000e7ec</run_address>
         <size>0x100</size>
         <input_file_ref idref="fl-eb"/>
      </object_component>
      <object_component id="oc-36b">
         <name>.text:I2C_open</name>
         <load_address>0x2000e8ec</load_address>
         <run_address>0x2000e8ec</run_address>
         <size>0xfc</size>
         <input_file_ref idref="fl-13"/>
      </object_component>
      <object_component id="oc-73c">
         <name>.text</name>
         <load_address>0x2000e9e8</load_address>
         <run_address>0x2000e9e8</run_address>
         <size>0xfc</size>
         <input_file_ref idref="fl-f2"/>
      </object_component>
      <object_component id="oc-82b">
         <name>.text:UARTCC32XX_control</name>
         <load_address>0x2000eae4</load_address>
         <run_address>0x2000eae4</run_address>
         <size>0xf2</size>
         <input_file_ref idref="fl-18"/>
      </object_component>
      <object_component id="oc-37b">
         <name>.text:Timer_init</name>
         <load_address>0x2000ebd6</load_address>
         <run_address>0x2000ebd6</run_address>
         <size>0x2</size>
         <input_file_ref idref="fl-10"/>
      </object_component>
      <object_component id="oc-21f">
         <name>.text:readTemp</name>
         <load_address>0x2000ebd8</load_address>
         <run_address>0x2000ebd8</run_address>
         <size>0xec</size>
         <input_file_ref idref="fl-2"/>
      </object_component>
      <object_component id="oc-42c">
         <name>.text:free</name>
         <load_address>0x2000ecc4</load_address>
         <run_address>0x2000ecc4</run_address>
         <size>0xe4</size>
         <input_file_ref idref="fl-eb"/>
      </object_component>
      <object_component id="oc-781">
         <name>.text:scalbn</name>
         <load_address>0x2000eda8</load_address>
         <run_address>0x2000eda8</run_address>
         <size>0xd0</size>
         <input_file_ref idref="fl-105"/>
      </object_component>
      <object_component id="oc-84f">
         <name>.text:UARTCC32XX_write</name>
         <load_address>0x2000ee78</load_address>
         <run_address>0x2000ee78</run_address>
         <size>0xca</size>
         <input_file_ref idref="fl-18"/>
      </object_component>
      <object_component id="oc-831">
         <name>.text:UARTCC32XX_init</name>
         <load_address>0x2000ef42</load_address>
         <run_address>0x2000ef42</run_address>
         <size>0x2</size>
         <input_file_ref idref="fl-18"/>
      </object_component>
      <object_component id="oc-7e8">
         <name>.text:restoreParkedPins</name>
         <load_address>0x2000ef44</load_address>
         <run_address>0x2000ef44</run_address>
         <size>0xc0</size>
         <input_file_ref idref="fl-14"/>
      </object_component>
      <object_component id="oc-843">
         <name>.text:UARTCC32XX_readPolling</name>
         <load_address>0x2000f004</load_address>
         <run_address>0x2000f004</run_address>
         <size>0xba</size>
         <input_file_ref idref="fl-18"/>
      </object_component>
      <object_component id="oc-3d7">
         <name>.text:_nop</name>
         <load_address>0x2000f0be</load_address>
         <run_address>0x2000f0be</run_address>
         <size>0x2</size>
         <input_file_ref idref="fl-fa"/>
      </object_component>
      <object_component id="oc-9ac">
         <name>.text:initHw</name>
         <load_address>0x2000f0c0</load_address>
         <run_address>0x2000f0c0</run_address>
         <size>0xb8</size>
         <input_file_ref idref="fl-18"/>
      </object_component>
      <object_component id="oc-a55">
         <name>.text:readTaskCallback</name>
         <load_address>0x2000f178</load_address>
         <run_address>0x2000f178</run_address>
         <size>0xb6</size>
         <input_file_ref idref="fl-18"/>
      </object_component>
      <object_component id="oc-692">
         <name>.text:I2CCC32XX_completeTransfer</name>
         <load_address>0x2000f22e</load_address>
         <run_address>0x2000f22e</run_address>
         <size>0xb2</size>
         <input_file_ref idref="fl-13"/>
      </object_component>
      <object_component id="oc-53c">
         <name>.text:_ltostr</name>
         <load_address>0x2000f2e0</load_address>
         <run_address>0x2000f2e0</run_address>
         <size>0xb1</size>
         <input_file_ref idref="fl-ed"/>
      </object_component>
      <object_component id="oc-a43">
         <name>.text:readTaskBlocking</name>
         <load_address>0x2000f392</load_address>
         <run_address>0x2000f392</run_address>
         <size>0xb0</size>
         <input_file_ref idref="fl-18"/>
      </object_component>
      <object_component id="oc-a49">
         <name>.text:readIsrTextBlocking</name>
         <load_address>0x2000f442</load_address>
         <run_address>0x2000f442</run_address>
         <size>0xae</size>
         <input_file_ref idref="fl-18"/>
      </object_component>
      <object_component id="oc-680">
         <name>.text:I2CCC32XX_primeWriteBurst</name>
         <load_address>0x2000f4f0</load_address>
         <run_address>0x2000f4f0</run_address>
         <size>0xa8</size>
         <input_file_ref idref="fl-13"/>
      </object_component>
      <object_component id="oc-b5">
         <name>.text:IntEnable</name>
         <load_address>0x2000f598</load_address>
         <run_address>0x2000f598</run_address>
         <size>0xa8</size>
         <input_file_ref idref="fl-25"/>
      </object_component>
      <object_component id="oc-2d1">
         <name>.text:PowerCC32XX_configureWakeup</name>
         <load_address>0x2000f640</load_address>
         <run_address>0x2000f640</run_address>
         <size>0xa8</size>
         <input_file_ref idref="fl-14"/>
      </object_component>
      <object_component id="oc-a5b">
         <name>.text:readIsrTextCallback</name>
         <load_address>0x2000f6e8</load_address>
         <run_address>0x2000f6e8</run_address>
         <size>0xa2</size>
         <input_file_ref idref="fl-18"/>
      </object_component>
      <object_component id="oc-9e3">
         <name>.text:writeData</name>
         <load_address>0x2000f78a</load_address>
         <run_address>0x2000f78a</run_address>
         <size>0xa2</size>
         <input_file_ref idref="fl-18"/>
      </object_component>
      <object_component id="oc-2f6">
         <name>.text:SemaphoreP_pend</name>
         <load_address>0x2000f82c</load_address>
         <run_address>0x2000f82c</run_address>
         <size>0xa0</size>
         <input_file_ref idref="fl-1c"/>
      </object_component>
      <object_component id="oc-4c3">
         <name>.text:I2CCC32XX_initHw</name>
         <load_address>0x2000f8cc</load_address>
         <run_address>0x2000f8cc</run_address>
         <size>0x9c</size>
         <input_file_ref idref="fl-13"/>
      </object_component>
      <object_component id="oc-3b">
         <name>.text</name>
         <load_address>0x2000f968</load_address>
         <run_address>0x2000f968</run_address>
         <size>0x9c</size>
         <input_file_ref idref="fl-e6"/>
      </object_component>
      <object_component id="oc-5ca">
         <name>.text</name>
         <load_address>0x2000fa04</load_address>
         <run_address>0x2000fa04</run_address>
         <size>0x96</size>
         <input_file_ref idref="fl-e7"/>
      </object_component>
      <object_component id="oc-73">
         <name>.text:busFaultHandler</name>
         <load_address>0x2000fa9a</load_address>
         <run_address>0x2000fa9a</run_address>
         <size>0x2</size>
         <input_file_ref idref="fl-20"/>
      </object_component>
      <object_component id="oc-1e7">
         <name>.text:GPIO_init</name>
         <load_address>0x2000fa9c</load_address>
         <run_address>0x2000fa9c</run_address>
         <size>0x90</size>
         <input_file_ref idref="fl-12"/>
      </object_component>
      <object_component id="oc-7dc">
         <name>.text:restoreNVICRegs</name>
         <load_address>0x2000fb2c</load_address>
         <run_address>0x2000fb2c</run_address>
         <size>0x90</size>
         <input_file_ref idref="fl-14"/>
      </object_component>
      <object_component id="oc-48c">
         <name>.text:HwiP_construct</name>
         <load_address>0x2000fbbc</load_address>
         <run_address>0x2000fbbc</run_address>
         <size>0x8c</size>
         <input_file_ref idref="fl-1e"/>
      </object_component>
      <object_component id="oc-966">
         <name>.text:IntPendSet</name>
         <load_address>0x2000fc48</load_address>
         <run_address>0x2000fc48</run_address>
         <size>0x88</size>
         <input_file_ref idref="fl-25"/>
      </object_component>
      <object_component id="oc-31d">
         <name>.text:PinConfigSet</name>
         <load_address>0x2000fcd0</load_address>
         <run_address>0x2000fcd0</run_address>
         <size>0x88</size>
         <input_file_ref idref="fl-26"/>
      </object_component>
      <object_component id="oc-542">
         <name>.text:__aeabi_cdcmple</name>
         <load_address>0x2000fd58</load_address>
         <run_address>0x2000fd58</run_address>
         <size>0x86</size>
         <input_file_ref idref="fl-f0"/>
      </object_component>
      <object_component id="oc-746">
         <name>.text:__aeabi_cdrcmple</name>
         <load_address>0x2000fdde</load_address>
         <run_address>0x2000fdde</run_address>
         <size>0x86</size>
         <input_file_ref idref="fl-f0"/>
      </object_component>
      <object_component id="oc-1e1">
         <name>.text:Power_init</name>
         <load_address>0x2000fe64</load_address>
         <run_address>0x2000fe64</run_address>
         <size>0x84</size>
         <input_file_ref idref="fl-14"/>
      </object_component>
      <object_component id="oc-7d1">
         <name>.text:saveNVICRegs</name>
         <load_address>0x2000fee8</load_address>
         <run_address>0x2000fee8</run_address>
         <size>0x84</size>
         <input_file_ref idref="fl-14"/>
      </object_component>
      <object_component id="oc-1fb">
         <name>.text:GPIO_write</name>
         <load_address>0x2000ff6c</load_address>
         <run_address>0x2000ff6c</run_address>
         <size>0x80</size>
         <input_file_ref idref="fl-12"/>
      </object_component>
      <object_component id="oc-323">
         <name>.text:Power_setDependency</name>
         <load_address>0x2000ffec</load_address>
         <run_address>0x2000ffec</run_address>
         <size>0x80</size>
         <input_file_ref idref="fl-14"/>
      </object_component>
      <object_component id="oc-a3d">
         <name>.text:readIsrBinaryBlocking</name>
         <load_address>0x2001006c</load_address>
         <run_address>0x2001006c</run_address>
         <size>0x7c</size>
         <input_file_ref idref="fl-18"/>
      </object_component>
      <object_component id="oc-67a">
         <name>.text:I2CCC32XX_primeReadBurst</name>
         <load_address>0x200100e8</load_address>
         <run_address>0x200100e8</run_address>
         <size>0x7a</size>
         <input_file_ref idref="fl-13"/>
      </object_component>
      <object_component id="oc-39f">
         <name>.text</name>
         <load_address>0x20010162</load_address>
         <run_address>0x20010162</run_address>
         <size>0x7a</size>
         <input_file_ref idref="fl-e2"/>
      </object_component>
      <object_component id="oc-9d">
         <name>.text</name>
         <load_address>0x200101dc</load_address>
         <run_address>0x200101dc</run_address>
         <size>0x7a</size>
         <input_file_ref idref="fl-f5"/>
      </object_component>
      <object_component id="oc-a4f">
         <name>.text:readIsrBinaryCallback</name>
         <load_address>0x20010256</load_address>
         <run_address>0x20010256</run_address>
         <size>0x78</size>
         <input_file_ref idref="fl-18"/>
      </object_component>
      <object_component id="oc-9bb">
         <name>.text:UARTCC32XX_hwiIntFxn</name>
         <load_address>0x200102ce</load_address>
         <run_address>0x200102ce</run_address>
         <size>0x74</size>
         <input_file_ref idref="fl-18"/>
      </object_component>
      <object_component id="oc-451">
         <name>.text:clkFxn</name>
         <load_address>0x20010342</load_address>
         <run_address>0x20010342</run_address>
         <size>0x2</size>
         <input_file_ref idref="fl-1c"/>
      </object_component>
      <object_component id="oc-315">
         <name>.text:powerNotifyFxn</name>
         <load_address>0x20010344</load_address>
         <run_address>0x20010344</run_address>
         <size>0x74</size>
         <input_file_ref idref="fl-12"/>
      </object_component>
      <object_component id="oc-819">
         <name>.text:split</name>
         <load_address>0x200103b8</load_address>
         <run_address>0x200103b8</run_address>
         <size>0x70</size>
         <input_file_ref idref="fl-eb"/>
      </object_component>
      <object_component id="oc-766">
         <name>.text:_mcpy</name>
         <load_address>0x20010428</load_address>
         <run_address>0x20010428</run_address>
         <size>0x6e</size>
         <input_file_ref idref="fl-ed"/>
      </object_component>
      <object_component id="oc-6ad">
         <name>.text:I2CSupport_primeTransfer</name>
         <load_address>0x20010496</load_address>
         <run_address>0x20010496</run_address>
         <size>0x6a</size>
         <input_file_ref idref="fl-13"/>
      </object_component>
      <object_component id="oc-14">
         <name>.text:decompress:lzss:__TI_decompress_lzss</name>
         <load_address>0x20010500</load_address>
         <run_address>0x20010500</run_address>
         <size>0x68</size>
         <input_file_ref idref="fl-ea"/>
      </object_component>
      <object_component id="oc-85b">
         <name>.text:UARTCC32XX_writeCancel</name>
         <load_address>0x20010568</load_address>
         <run_address>0x20010568</run_address>
         <size>0x66</size>
         <input_file_ref idref="fl-18"/>
      </object_component>
      <object_component id="oc-6d">
         <name>.text:defaultHandler</name>
         <load_address>0x200105ce</load_address>
         <run_address>0x200105ce</run_address>
         <size>0x2</size>
         <input_file_ref idref="fl-20"/>
      </object_component>
      <object_component id="oc-335">
         <name>.text:GPIO_setInterruptConfig</name>
         <load_address>0x200105d0</load_address>
         <run_address>0x200105d0</run_address>
         <size>0x64</size>
         <input_file_ref idref="fl-12"/>
      </object_component>
      <object_component id="oc-47c">
         <name>.text:PowerCC32XX_setParkState</name>
         <load_address>0x20010634</load_address>
         <run_address>0x20010634</run_address>
         <size>0x64</size>
         <input_file_ref idref="fl-14"/>
      </object_component>
      <object_component id="oc-855">
         <name>.text:UARTCC32XX_writePolling</name>
         <load_address>0x20010698</load_address>
         <run_address>0x20010698</run_address>
         <size>0x62</size>
         <input_file_ref idref="fl-18"/>
      </object_component>
      <object_component id="oc-67">
         <name>.text:faultISR</name>
         <load_address>0x200106fa</load_address>
         <run_address>0x200106fa</run_address>
         <size>0x2</size>
         <input_file_ref idref="fl-20"/>
      </object_component>
      <object_component id="oc-33e">
         <name>.text:GPIO_hwiIntFxn</name>
         <load_address>0x200106fc</load_address>
         <run_address>0x200106fc</run_address>
         <size>0x60</size>
         <input_file_ref idref="fl-12"/>
      </object_component>
      <object_component id="oc-29f">
         <name>.text:PRCMSysResetCauseGet</name>
         <load_address>0x2001075c</load_address>
         <run_address>0x2001075c</run_address>
         <size>0x60</size>
         <input_file_ref idref="fl-27"/>
      </object_component>
      <object_component id="oc-77b">
         <name>.text:frexp</name>
         <load_address>0x200107bc</load_address>
         <run_address>0x200107bc</run_address>
         <size>0x5c</size>
         <input_file_ref idref="fl-104"/>
      </object_component>
      <object_component id="oc-926">
         <name>.text:sysTickInit</name>
         <load_address>0x20010818</load_address>
         <run_address>0x20010818</run_address>
         <size>0x5c</size>
         <input_file_ref idref="fl-1d"/>
      </object_component>
      <object_component id="oc-2b8">
         <name>.text:PRCMPeripheralReset</name>
         <load_address>0x20010874</load_address>
         <run_address>0x20010874</run_address>
         <size>0x58</size>
         <input_file_ref idref="fl-27"/>
      </object_component>
      <object_component id="oc-8d3">
         <name>.text:Power_releaseDependency</name>
         <load_address>0x200108cc</load_address>
         <run_address>0x200108cc</run_address>
         <size>0x58</size>
         <input_file_ref idref="fl-14"/>
      </object_component>
      <object_component id="oc-54d">
         <name>.text:_pconv_f</name>
         <load_address>0x20010924</load_address>
         <run_address>0x20010924</run_address>
         <size>0x56</size>
         <input_file_ref idref="fl-ed"/>
      </object_component>
      <object_component id="oc-750">
         <name>.text:__TI_ltoa</name>
         <load_address>0x2001097a</load_address>
         <run_address>0x2001097a</run_address>
         <size>0x54</size>
         <input_file_ref idref="fl-fb"/>
      </object_component>
      <object_component id="oc-a98">
         <name>.text:ringBufGet</name>
         <load_address>0x200109ce</load_address>
         <run_address>0x200109ce</run_address>
         <size>0x54</size>
         <input_file_ref idref="fl-18"/>
      </object_component>
      <object_component id="oc-943">
         <name>.text:PowerCC32XX_resumeLPDS</name>
         <load_address>0x20010a22</load_address>
         <run_address>0x20010a22</run_address>
         <size>0x52</size>
         <input_file_ref idref="fl-15"/>
      </object_component>
      <object_component id="oc-760">
         <name>.text:_ecpy</name>
         <load_address>0x20010a74</load_address>
         <run_address>0x20010a74</run_address>
         <size>0x52</size>
         <input_file_ref idref="fl-ed"/>
      </object_component>
      <object_component id="oc-50b">
         <name>.text:initHw</name>
         <load_address>0x20010ac6</load_address>
         <run_address>0x20010ac6</run_address>
         <size>0x52</size>
         <input_file_ref idref="fl-17"/>
      </object_component>
      <object_component id="oc-79">
         <name>.text:ClockP_sysTickHandler</name>
         <load_address>0x20010b18</load_address>
         <run_address>0x20010b18</run_address>
         <size>0x50</size>
         <input_file_ref idref="fl-1d"/>
      </object_component>
      <object_component id="oc-5f6">
         <name>.text:SemaphoreP_construct</name>
         <load_address>0x20010b68</load_address>
         <run_address>0x20010b68</run_address>
         <size>0x50</size>
         <input_file_ref idref="fl-1c"/>
      </object_component>
      <object_component id="oc-4f3">
         <name>.text:TimerCC32XX_allocateTimerResource</name>
         <load_address>0x20010bb8</load_address>
         <run_address>0x20010bb8</run_address>
         <size>0x50</size>
         <input_file_ref idref="fl-17"/>
      </object_component>
      <object_component id="oc-66e">
         <name>.text:I2CCC32XX_readRecieveFifo</name>
         <load_address>0x20010c08</load_address>
         <run_address>0x20010c08</run_address>
         <size>0x4c</size>
         <input_file_ref idref="fl-13"/>
      </object_component>
      <object_component id="oc-93a">
         <name>.text:PowerCC32XX_parkPin</name>
         <load_address>0x20010c54</load_address>
         <run_address>0x20010c54</run_address>
         <size>0x4c</size>
         <input_file_ref idref="fl-14"/>
      </object_component>
      <object_component id="oc-536">
         <name>.text:atoi</name>
         <load_address>0x20010ca0</load_address>
         <run_address>0x20010ca0</run_address>
         <size>0x4c</size>
         <input_file_ref idref="fl-fd"/>
      </object_component>
      <object_component id="oc-7e2">
         <name>.text:restorePeriphClocks</name>
         <load_address>0x20010cec</load_address>
         <run_address>0x20010cec</run_address>
         <size>0x4c</size>
         <input_file_ref idref="fl-14"/>
      </object_component>
      <object_component id="oc-225">
         <name>.text:snprintf</name>
         <load_address>0x20010d38</load_address>
         <run_address>0x20010d38</run_address>
         <size>0x4c</size>
         <input_file_ref idref="fl-e1"/>
      </object_component>
      <object_component id="oc-95e">
         <name>.text:FlashDisable</name>
         <load_address>0x20010d84</load_address>
         <run_address>0x20010d84</run_address>
         <size>0x48</size>
         <input_file_ref idref="fl-2b"/>
      </object_component>
      <object_component id="oc-493">
         <name>.text:GPIO_disableInt</name>
         <load_address>0x20010dcc</load_address>
         <run_address>0x20010dcc</run_address>
         <size>0x48</size>
         <input_file_ref idref="fl-12"/>
      </object_component>
      <object_component id="oc-207">
         <name>.text:GPIO_enableInt</name>
         <load_address>0x20010e14</load_address>
         <run_address>0x20010e14</run_address>
         <size>0x48</size>
         <input_file_ref idref="fl-12"/>
      </object_component>
      <object_component id="oc-7ee">
         <name>.text:PRCMLPDSEnter</name>
         <load_address>0x20010e5c</load_address>
         <run_address>0x20010e5c</run_address>
         <size>0x48</size>
         <input_file_ref idref="fl-27"/>
      </object_component>
      <object_component id="oc-2b2">
         <name>.text:PRCMPeripheralClkEnable</name>
         <load_address>0x20010ea4</load_address>
         <run_address>0x20010ea4</run_address>
         <size>0x48</size>
         <input_file_ref idref="fl-27"/>
      </object_component>
      <object_component id="oc-891">
         <name>.text:Power_releaseConstraint</name>
         <load_address>0x20010eec</load_address>
         <run_address>0x20010eec</run_address>
         <size>0x48</size>
         <input_file_ref idref="fl-14"/>
      </object_component>
      <object_component id="oc-219">
         <name>.text:initTimer</name>
         <load_address>0x20010f34</load_address>
         <run_address>0x20010f34</run_address>
         <size>0x48</size>
         <input_file_ref idref="fl-2"/>
      </object_component>
      <object_component id="oc-74b">
         <name>.text</name>
         <load_address>0x20010f7c</load_address>
         <run_address>0x20010f7c</run_address>
         <size>0x48</size>
         <input_file_ref idref="fl-f3"/>
      </object_component>
      <object_component id="oc-a85">
         <name>.text:RingBuf_put</name>
         <load_address>0x20010fc4</load_address>
         <run_address>0x20010fc4</run_address>
         <size>0x46</size>
         <input_file_ref idref="fl-1a"/>
      </object_component>
      <object_component id="oc-505">
         <name>.text:getPrescaler</name>
         <load_address>0x2001100a</load_address>
         <run_address>0x2001100a</run_address>
         <size>0x46</size>
         <input_file_ref idref="fl-17"/>
      </object_component>
      <object_component id="oc-61e">
         <name>.text:ClockP_stop</name>
         <load_address>0x20011050</load_address>
         <run_address>0x20011050</run_address>
         <size>0x44</size>
         <input_file_ref idref="fl-1d"/>
      </object_component>
      <object_component id="oc-948">
         <name>.text:PRCMLPDSRestoreInfoSet</name>
         <load_address>0x20011094</load_address>
         <run_address>0x20011094</run_address>
         <size>0x44</size>
         <input_file_ref idref="fl-27"/>
      </object_component>
      <object_component id="oc-7d7">
         <name>.text:PowerCC32XX_enterLPDS</name>
         <load_address>0x200110d8</load_address>
         <run_address>0x200110d8</run_address>
         <size>0x44</size>
         <input_file_ref idref="fl-15"/>
      </object_component>
      <object_component id="oc-302">
         <name>.text:SemaphoreP_post</name>
         <load_address>0x2001111c</load_address>
         <run_address>0x2001111c</run_address>
         <size>0x44</size>
         <input_file_ref idref="fl-1c"/>
      </object_component>
      <object_component id="oc-5e6">
         <name>.text:SwiP_restore</name>
         <load_address>0x20011160</load_address>
         <run_address>0x20011160</run_address>
         <size>0x44</size>
         <input_file_ref idref="fl-21"/>
      </object_component>
      <object_component id="oc-38d">
         <name>.text:Timer_start</name>
         <load_address>0x200111a4</load_address>
         <run_address>0x200111a4</run_address>
         <size>0x44</size>
         <input_file_ref idref="fl-10"/>
      </object_component>
      <object_component id="oc-34c">
         <name>.text:UART_init</name>
         <load_address>0x200111e8</load_address>
         <run_address>0x200111e8</run_address>
         <size>0x44</size>
         <input_file_ref idref="fl-11"/>
      </object_component>
      <object_component id="oc-179">
         <name>.text:__TI_auto_init_nobinit_nopinit:__TI_auto_init_nobinit_nopinit</name>
         <load_address>0x2001122c</load_address>
         <run_address>0x2001122c</run_address>
         <size>0x44</size>
         <input_file_ref idref="fl-f6"/>
      </object_component>
      <object_component id="oc-a2c">
         <name>.text:ClockP_construct</name>
         <load_address>0x20011270</load_address>
         <run_address>0x20011270</run_address>
         <size>0x40</size>
         <input_file_ref idref="fl-1d"/>
      </object_component>
      <object_component id="oc-2ca">
         <name>.text:PinModeSet</name>
         <load_address>0x200112b0</load_address>
         <run_address>0x200112b0</run_address>
         <size>0x40</size>
         <input_file_ref idref="fl-26"/>
      </object_component>
      <object_component id="oc-9d5">
         <name>.text:RingBuf_get</name>
         <load_address>0x200112f0</load_address>
         <run_address>0x200112f0</run_address>
         <size>0x40</size>
         <input_file_ref idref="fl-1a"/>
      </object_component>
      <object_component id="oc-525">
         <name>.text:TimerSupport_timerEnable</name>
         <load_address>0x20011330</load_address>
         <run_address>0x20011330</run_address>
         <size>0x40</size>
         <input_file_ref idref="fl-17"/>
      </object_component>
      <object_component id="oc-4ff">
         <name>.text:Timer_close</name>
         <load_address>0x20011370</load_address>
         <run_address>0x20011370</run_address>
         <size>0x40</size>
         <input_file_ref idref="fl-17"/>
      </object_component>
      <object_component id="oc-83d">
         <name>.text:UARTCC32XX_read</name>
         <load_address>0x200113b0</load_address>
         <run_address>0x200113b0</run_address>
         <size>0x40</size>
         <input_file_ref idref="fl-18"/>
      </object_component>
      <object_component id="oc-358">
         <name>.text:UART_open</name>
         <load_address>0x200113f0</load_address>
         <run_address>0x200113f0</run_address>
         <size>0x40</size>
         <input_file_ref idref="fl-11"/>
      </object_component>
      <object_component id="oc-773">
         <name>.text:_fcpy</name>
         <load_address>0x20011430</load_address>
         <run_address>0x20011430</run_address>
         <size>0x3e</size>
         <input_file_ref idref="fl-ed"/>
      </object_component>
      <object_component id="oc-61">
         <name>.text:nmiISR</name>
         <load_address>0x2001146e</load_address>
         <run_address>0x2001146e</run_address>
         <size>0x2</size>
         <input_file_ref idref="fl-20"/>
      </object_component>
      <object_component id="oc-44b">
         <name>.text:ClockP_destruct</name>
         <load_address>0x20011470</load_address>
         <run_address>0x20011470</run_address>
         <size>0x3c</size>
         <input_file_ref idref="fl-1d"/>
      </object_component>
      <object_component id="oc-726">
         <name>.text:Power_setConstraint</name>
         <load_address>0x200114ac</load_address>
         <run_address>0x200114ac</run_address>
         <size>0x3c</size>
         <input_file_ref idref="fl-14"/>
      </object_component>
      <object_component id="oc-20d">
         <name>.text:initUART</name>
         <load_address>0x200114e8</load_address>
         <run_address>0x200114e8</run_address>
         <size>0x3c</size>
         <input_file_ref idref="fl-2"/>
      </object_component>
      <object_component id="oc-5c4">
         <name>.text:getCountsRTC</name>
         <load_address>0x20011524</load_address>
         <run_address>0x20011524</run_address>
         <size>0x3a</size>
         <input_file_ref idref="fl-1f"/>
      </object_component>
      <object_component id="oc-7bf">
         <name>.text</name>
         <load_address>0x2001155e</load_address>
         <run_address>0x2001155e</run_address>
         <size>0x2</size>
         <input_file_ref idref="fl-ee"/>
      </object_component>
      <object_component id="oc-7f4">
         <name>.text:PRCMLPDSEnterKeepDebugIf</name>
         <load_address>0x20011560</load_address>
         <run_address>0x20011560</run_address>
         <size>0x38</size>
         <input_file_ref idref="fl-27"/>
      </object_component>
      <object_component id="oc-db">
         <name>.text:addToList</name>
         <load_address>0x20011598</load_address>
         <run_address>0x20011598</run_address>
         <size>0x38</size>
         <input_file_ref idref="fl-1d"/>
      </object_component>
      <object_component id="oc-59">
         <name>.text:initVectors</name>
         <load_address>0x200115d0</load_address>
         <run_address>0x200115d0</run_address>
         <size>0x38</size>
         <input_file_ref idref="fl-20"/>
      </object_component>
      <object_component id="oc-7c5">
         <name>.text:notify</name>
         <load_address>0x20011608</load_address>
         <run_address>0x20011608</run_address>
         <size>0x38</size>
         <input_file_ref idref="fl-14"/>
      </object_component>
      <object_component id="oc-3a4">
         <name>.text</name>
         <load_address>0x20011640</load_address>
         <run_address>0x20011640</run_address>
         <size>0x38</size>
         <input_file_ref idref="fl-e3"/>
      </object_component>
      <object_component id="oc-39a">
         <name>.text</name>
         <load_address>0x20011678</load_address>
         <run_address>0x20011678</run_address>
         <size>0x38</size>
         <input_file_ref idref="fl-e4"/>
      </object_component>
      <object_component id="oc-707">
         <name>.text:TimerControlStall</name>
         <load_address>0x200116b0</load_address>
         <run_address>0x200116b0</run_address>
         <size>0x36</size>
         <input_file_ref idref="fl-28"/>
      </object_component>
      <object_component id="oc-6d5">
         <name>.text:Timer_stop</name>
         <load_address>0x200116e6</load_address>
         <run_address>0x200116e6</run_address>
         <size>0x36</size>
         <input_file_ref idref="fl-10"/>
      </object_component>
      <object_component id="oc-849">
         <name>.text:UARTCC32XX_readCancel</name>
         <load_address>0x2001171c</load_address>
         <run_address>0x2001171c</run_address>
         <size>0x36</size>
         <input_file_ref idref="fl-18"/>
      </object_component>
      <object_component id="oc-5b2">
         <name>.text:ClockP_getTicksUntilInterrupt</name>
         <load_address>0x20011754</load_address>
         <run_address>0x20011754</run_address>
         <size>0x34</size>
         <input_file_ref idref="fl-1d"/>
      </object_component>
      <object_component id="oc-7b6">
         <name>.text:ClockP_startup</name>
         <load_address>0x20011788</load_address>
         <run_address>0x20011788</run_address>
         <size>0x34</size>
         <input_file_ref idref="fl-1d"/>
      </object_component>
      <object_component id="oc-2c4">
         <name>.text:PinModeGet</name>
         <load_address>0x200117bc</load_address>
         <run_address>0x200117bc</run_address>
         <size>0x34</size>
         <input_file_ref idref="fl-26"/>
      </object_component>
      <object_component id="oc-979">
         <name>.text:PowerCC32XX_restoreParkState</name>
         <load_address>0x200117f0</load_address>
         <run_address>0x200117f0</run_address>
         <size>0x34</size>
         <input_file_ref idref="fl-14"/>
      </object_component>
      <object_component id="oc-6ed">
         <name>.text:TimerCC32XX_freeTimerResource</name>
         <load_address>0x20011824</load_address>
         <run_address>0x20011824</run_address>
         <size>0x34</size>
         <input_file_ref idref="fl-17"/>
      </object_component>
      <object_component id="oc-51d">
         <name>.text:TimerCC32XX_hwiIntFunction</name>
         <load_address>0x20011858</load_address>
         <run_address>0x20011858</run_address>
         <size>0x34</size>
         <input_file_ref idref="fl-17"/>
      </object_component>
      <object_component id="oc-6ca">
         <name>.text:getPowerMgrId</name>
         <load_address>0x2001188c</load_address>
         <run_address>0x2001188c</run_address>
         <size>0x34</size>
         <input_file_ref idref="fl-17"/>
      </object_component>
      <object_component id="oc-439">
         <name>.text:ClockP_start</name>
         <load_address>0x200118c0</load_address>
         <run_address>0x200118c0</run_address>
         <size>0x30</size>
         <input_file_ref idref="fl-1d"/>
      </object_component>
      <object_component id="oc-957">
         <name>.text:PowerCC32XX_restoreParkedPin</name>
         <load_address>0x200118f0</load_address>
         <run_address>0x200118f0</run_address>
         <size>0x30</size>
         <input_file_ref idref="fl-14"/>
      </object_component>
      <object_component id="oc-3b0">
         <name>.text:_outs</name>
         <load_address>0x20011920</load_address>
         <run_address>0x20011920</run_address>
         <size>0x30</size>
         <input_file_ref idref="fl-e1"/>
      </object_component>
      <object_component id="oc-756">
         <name>.text</name>
         <load_address>0x20011950</load_address>
         <run_address>0x20011950</run_address>
         <size>0x2e</size>
         <input_file_ref idref="fl-f4"/>
      </object_component>
      <object_component id="oc-99a">
         <name>.text:PowerCC32XX_getParkState</name>
         <load_address>0x20011980</load_address>
         <run_address>0x20011980</run_address>
         <size>0x2c</size>
         <input_file_ref idref="fl-14"/>
      </object_component>
      <object_component id="oc-32f">
         <name>.text:HwiP_create</name>
         <load_address>0x200119ac</load_address>
         <run_address>0x200119ac</run_address>
         <size>0x2a</size>
         <input_file_ref idref="fl-1e"/>
      </object_component>
      <object_component id="oc-701">
         <name>.text:TimerLoadSet</name>
         <load_address>0x200119d6</load_address>
         <run_address>0x200119d6</run_address>
         <size>0x2a</size>
         <input_file_ref idref="fl-28"/>
      </object_component>
      <object_component id="oc-6fb">
         <name>.text:TimerPrescaleSet</name>
         <load_address>0x20011a00</load_address>
         <run_address>0x20011a00</run_address>
         <size>0x2a</size>
         <input_file_ref idref="fl-28"/>
      </object_component>
      <object_component id="oc-686">
         <name>.text:I2CFIFODataPutNonBlocking</name>
         <load_address>0x20011a2a</load_address>
         <run_address>0x20011a2a</run_address>
         <size>0x28</size>
         <input_file_ref idref="fl-24"/>
      </object_component>
      <object_component id="oc-2be">
         <name>.text:PRCMPeripheralClkDisable</name>
         <load_address>0x20011a54</load_address>
         <run_address>0x20011a54</run_address>
         <size>0x28</size>
         <input_file_ref idref="fl-27"/>
      </object_component>
      <object_component id="oc-2fc">
         <name>.text:Power_registerNotify</name>
         <load_address>0x20011a7c</load_address>
         <run_address>0x20011a7c</run_address>
         <size>0x28</size>
         <input_file_ref idref="fl-14"/>
      </object_component>
      <object_component id="oc-616">
         <name>.text:free_list_insert</name>
         <load_address>0x20011aa4</load_address>
         <run_address>0x20011aa4</run_address>
         <size>0x28</size>
         <input_file_ref idref="fl-eb"/>
      </object_component>
      <object_component id="oc-86d">
         <name>.text:I2CFIFODataGetNonBlocking</name>
         <load_address>0x20011acc</load_address>
         <run_address>0x20011acc</run_address>
         <size>0x26</size>
         <input_file_ref idref="fl-24"/>
      </object_component>
      <object_component id="oc-6b9">
         <name>.text:I2C_cancel</name>
         <load_address>0x20011af2</load_address>
         <run_address>0x20011af2</run_address>
         <size>0x26</size>
         <input_file_ref idref="fl-f"/>
      </object_component>
      <object_component id="oc-45b">
         <name>.text:List_put</name>
         <load_address>0x20011b18</load_address>
         <run_address>0x20011b18</run_address>
         <size>0x26</size>
         <input_file_ref idref="fl-19"/>
      </object_component>
      <object_component id="oc-8c4">
         <name>.text:List_remove</name>
         <load_address>0x20011b3e</load_address>
         <run_address>0x20011b3e</run_address>
         <size>0x26</size>
         <input_file_ref idref="fl-19"/>
      </object_component>
      <object_component id="oc-63c">
         <name>.text:HwiP_dispatch</name>
         <load_address>0x20011b64</load_address>
         <run_address>0x20011b64</run_address>
         <size>0x24</size>
         <input_file_ref idref="fl-1e"/>
      </object_component>
      <object_component id="oc-994">
         <name>.text:PowerCC32XX_reset</name>
         <load_address>0x20011b88</load_address>
         <run_address>0x20011b88</run_address>
         <size>0x24</size>
         <input_file_ref idref="fl-14"/>
      </object_component>
      <object_component id="oc-8bd">
         <name>.text:TimerSupport_timerDisable</name>
         <load_address>0x20011bac</load_address>
         <run_address>0x20011bac</run_address>
         <size>0x24</size>
         <input_file_ref idref="fl-17"/>
      </object_component>
      <object_component id="oc-c5">
         <name>.text:_c_int00_noargs:_c_int00_noargs</name>
         <load_address>0x20011bd0</load_address>
         <run_address>0x20011bd0</run_address>
         <size>0x24</size>
         <input_file_ref idref="fl-ec"/>
      </object_component>
      <object_component id="oc-875">
         <name>.text:I2CMasterSlaveAddrSet</name>
         <load_address>0x20011bf4</load_address>
         <run_address>0x20011bf4</run_address>
         <size>0x22</size>
         <input_file_ref idref="fl-24"/>
      </object_component>
      <object_component id="oc-8cb">
         <name>.text:HwiP_destruct</name>
         <load_address>0x20011c16</load_address>
         <run_address>0x20011c16</run_address>
         <size>0x20</size>
         <input_file_ref idref="fl-1e"/>
      </object_component>
      <object_component id="oc-6db">
         <name>.text:Power_unregisterNotify</name>
         <load_address>0x20011c38</load_address>
         <run_address>0x20011c38</run_address>
         <size>0x20</size>
         <input_file_ref idref="fl-14"/>
      </object_component>
      <object_component id="oc-980">
         <name>.text:RingBuf_peek</name>
         <load_address>0x20011c58</load_address>
         <run_address>0x20011c58</run_address>
         <size>0x20</size>
         <input_file_ref idref="fl-1a"/>
      </object_component>
      <object_component id="oc-98e">
         <name>.text:getPowerMgrId</name>
         <load_address>0x20011c78</load_address>
         <run_address>0x20011c78</run_address>
         <size>0x20</size>
         <input_file_ref idref="fl-18"/>
      </object_component>
      <object_component id="oc-662">
         <name>.text:I2CMasterIntStatusEx</name>
         <load_address>0x20011c98</load_address>
         <run_address>0x20011c98</run_address>
         <size>0x1e</size>
         <input_file_ref idref="fl-24"/>
      </object_component>
      <object_component id="oc-4bd">
         <name>.text:SemaphoreP_constructBinary</name>
         <load_address>0x20011cb6</load_address>
         <run_address>0x20011cb6</run_address>
         <size>0x1e</size>
         <input_file_ref idref="fl-1c"/>
      </object_component>
      <object_component id="oc-6f5">
         <name>.text:TimerDisable</name>
         <load_address>0x20011cd4</load_address>
         <run_address>0x20011cd4</run_address>
         <size>0x1e</size>
         <input_file_ref idref="fl-28"/>
      </object_component>
      <object_component id="oc-72c">
         <name>.text:TimerEnable</name>
         <load_address>0x20011cf2</load_address>
         <run_address>0x20011cf2</run_address>
         <size>0x1e</size>
         <input_file_ref idref="fl-28"/>
      </object_component>
      <object_component id="oc-201">
         <name>.text:GPIO_setCallback</name>
         <load_address>0x20011d10</load_address>
         <run_address>0x20011d10</run_address>
         <size>0x1c</size>
         <input_file_ref idref="fl-e"/>
      </object_component>
      <object_component id="oc-934">
         <name>.text:PinToPadGet</name>
         <load_address>0x20011d2c</load_address>
         <run_address>0x20011d2c</run_address>
         <size>0x1c</size>
         <input_file_ref idref="fl-26"/>
      </object_component>
      <object_component id="oc-5a6">
         <name>.text:SwiP_disable</name>
         <load_address>0x20011d48</load_address>
         <run_address>0x20011d48</run_address>
         <size>0x1c</size>
         <input_file_ref idref="fl-21"/>
      </object_component>
      <object_component id="oc-610">
         <name>.text:free_list_remove</name>
         <load_address>0x20011d64</load_address>
         <run_address>0x20011d64</run_address>
         <size>0x1c</size>
         <input_file_ref idref="fl-eb"/>
      </object_component>
      <object_component id="oc-55f">
         <name>.text:memccpy</name>
         <load_address>0x20011d80</load_address>
         <run_address>0x20011d80</run_address>
         <size>0x1c</size>
         <input_file_ref idref="fl-ff"/>
      </object_component>
      <object_component id="oc-9a6">
         <name>.text:ClockP_create</name>
         <load_address>0x20011d9c</load_address>
         <run_address>0x20011d9c</run_address>
         <size>0x1a</size>
         <input_file_ref idref="fl-1d"/>
      </object_component>
      <object_component id="oc-2de">
         <name>.text:SemaphoreP_createBinary</name>
         <load_address>0x20011db6</load_address>
         <run_address>0x20011db6</run_address>
         <size>0x1a</size>
         <input_file_ref idref="fl-1c"/>
      </object_component>
      <object_component id="oc-21">
         <name>.text:resetISR</name>
         <load_address>0x20011dd0</load_address>
         <run_address>0x20011dd0</run_address>
         <size>0x1a</size>
         <input_file_ref idref="fl-20"/>
      </object_component>
      <object_component id="oc-8a6">
         <name>.text:I2CMasterBusBusy</name>
         <load_address>0x20011dea</load_address>
         <run_address>0x20011dea</run_address>
         <size>0x18</size>
         <input_file_ref idref="fl-24"/>
      </object_component>
      <object_component id="oc-674">
         <name>.text:I2CMasterIntDisableEx</name>
         <load_address>0x20011e02</load_address>
         <run_address>0x20011e02</run_address>
         <size>0x18</size>
         <input_file_ref idref="fl-24"/>
      </object_component>
      <object_component id="oc-887">
         <name>.text:I2CMasterIntEnableEx</name>
         <load_address>0x20011e1a</load_address>
         <run_address>0x20011e1a</run_address>
         <size>0x18</size>
         <input_file_ref idref="fl-24"/>
      </object_component>
      <object_component id="oc-8a0">
         <name>.text:I2CRxFIFOFlush</name>
         <load_address>0x20011e32</load_address>
         <run_address>0x20011e32</run_address>
         <size>0x18</size>
         <input_file_ref idref="fl-24"/>
      </object_component>
      <object_component id="oc-89a">
         <name>.text:I2CTxFIFOFlush</name>
         <load_address>0x20011e4a</load_address>
         <run_address>0x20011e4a</run_address>
         <size>0x18</size>
         <input_file_ref idref="fl-24"/>
      </object_component>
      <object_component id="oc-5b8">
         <name>.text:Power_getTransitionLatency</name>
         <load_address>0x20011e64</load_address>
         <run_address>0x20011e64</run_address>
         <size>0x18</size>
         <input_file_ref idref="fl-14"/>
      </object_component>
      <object_component id="oc-808">
         <name>.text:Power_idleFunc</name>
         <load_address>0x20011e7c</load_address>
         <run_address>0x20011e7c</run_address>
         <size>0x18</size>
         <input_file_ref idref="fl-14"/>
      </object_component>
      <object_component id="oc-9fb">
         <name>.text:TimerIntDisable</name>
         <load_address>0x20011e94</load_address>
         <run_address>0x20011e94</run_address>
         <size>0x18</size>
         <input_file_ref idref="fl-28"/>
      </object_component>
      <object_component id="oc-720">
         <name>.text:TimerIntEnable</name>
         <load_address>0x20011eac</load_address>
         <run_address>0x20011eac</run_address>
         <size>0x18</size>
         <input_file_ref idref="fl-28"/>
      </object_component>
      <object_component id="oc-9dd">
         <name>.text:UARTBusy</name>
         <load_address>0x20011ec4</load_address>
         <run_address>0x20011ec4</run_address>
         <size>0x18</size>
         <input_file_ref idref="fl-29"/>
      </object_component>
      <object_component id="oc-a70">
         <name>.text:UARTIntEnable</name>
         <load_address>0x20011edc</load_address>
         <run_address>0x20011edc</run_address>
         <size>0x18</size>
         <input_file_ref idref="fl-29"/>
      </object_component>
      <object_component id="oc-352">
         <name>.text:UART_Params_init</name>
         <load_address>0x20011ef4</load_address>
         <run_address>0x20011ef4</run_address>
         <size>0x18</size>
         <input_file_ref idref="fl-11"/>
      </object_component>
      <object_component id="oc-3b6">
         <name>.text:_outc</name>
         <load_address>0x20011f0c</load_address>
         <run_address>0x20011f0c</run_address>
         <size>0x18</size>
         <input_file_ref idref="fl-e1"/>
      </object_component>
      <object_component id="oc-5d5">
         <name>.text</name>
         <load_address>0x20011f24</load_address>
         <run_address>0x20011f24</run_address>
         <size>0x18</size>
         <input_file_ref idref="fl-e5"/>
      </object_component>
      <object_component id="oc-881">
         <name>.text:I2CMasterBurstLengthSet</name>
         <load_address>0x20011f3c</load_address>
         <run_address>0x20011f3c</run_address>
         <size>0x16</size>
         <input_file_ref idref="fl-24"/>
      </object_component>
      <object_component id="oc-2ac">
         <name>.text:PRCMHIBRegRead</name>
         <load_address>0x20011f52</load_address>
         <run_address>0x20011f52</run_address>
         <size>0x16</size>
         <input_file_ref idref="fl-27"/>
      </object_component>
      <object_component id="oc-2a6">
         <name>.text:PRCMHIBRegWrite</name>
         <load_address>0x20011f68</load_address>
         <run_address>0x20011f68</run_address>
         <size>0x16</size>
         <input_file_ref idref="fl-27"/>
      </object_component>
      <object_component id="oc-421">
         <name>.text:SemaphoreP_create</name>
         <load_address>0x20011f7e</load_address>
         <run_address>0x20011f7e</run_address>
         <size>0x16</size>
         <input_file_ref idref="fl-1c"/>
      </object_component>
      <object_component id="oc-787">
         <name>.text:strchr</name>
         <load_address>0x20011f94</load_address>
         <run_address>0x20011f94</run_address>
         <size>0x16</size>
         <input_file_ref idref="fl-100"/>
      </object_component>
      <object_component id="oc-15a">
         <name>.text:Board_init</name>
         <load_address>0x20011faa</load_address>
         <run_address>0x20011faa</run_address>
         <size>0x14</size>
         <input_file_ref idref="fl-3"/>
      </object_component>
      <object_component id="oc-a3">
         <name>.text:CPUcpsid</name>
         <load_address>0x20011fbe</load_address>
         <run_address>0x20011fbe</run_address>
         <size>0x14</size>
         <input_file_ref idref="fl-23"/>
      </object_component>
      <object_component id="oc-462">
         <name>.text:HwiP_inISR</name>
         <load_address>0x20011fd4</load_address>
         <run_address>0x20011fd4</run_address>
         <size>0x14</size>
         <input_file_ref idref="fl-1e"/>
      </object_component>
      <object_component id="oc-8ae">
         <name>.text:I2CSupport_masterFinish</name>
         <load_address>0x20011fe8</load_address>
         <run_address>0x20011fe8</run_address>
         <size>0x14</size>
         <input_file_ref idref="fl-13"/>
      </object_component>
      <object_component id="oc-371">
         <name>.text:I2C_transfer</name>
         <load_address>0x20011ffc</load_address>
         <run_address>0x20011ffc</run_address>
         <size>0x14</size>
         <input_file_ref idref="fl-f"/>
      </object_component>
      <object_component id="oc-af">
         <name>.text:IntVTableBaseSet</name>
         <load_address>0x20012010</load_address>
         <run_address>0x20012010</run_address>
         <size>0x14</size>
         <input_file_ref idref="fl-25"/>
      </object_component>
      <object_component id="oc-468">
         <name>.text:Power_disablePolicy</name>
         <load_address>0x20012024</load_address>
         <run_address>0x20012024</run_address>
         <size>0x14</size>
         <input_file_ref idref="fl-14"/>
      </object_component>
      <object_component id="oc-950">
         <name>.text:Power_getDependencyCount</name>
         <load_address>0x20012038</load_address>
         <run_address>0x20012038</run_address>
         <size>0x14</size>
         <input_file_ref idref="fl-14"/>
      </object_component>
      <object_component id="oc-a6a">
         <name>.text:releasePowerConstraint</name>
         <load_address>0x2001204c</load_address>
         <run_address>0x2001204c</run_address>
         <size>0x14</size>
         <input_file_ref idref="fl-18"/>
      </object_component>
      <object_component id="oc-530">
         <name>.text:strlen</name>
         <load_address>0x20012060</load_address>
         <run_address>0x20012060</run_address>
         <size>0x14</size>
         <input_file_ref idref="fl-101"/>
      </object_component>
      <object_component id="oc-329">
         <name>.text:HwiP_Params_init</name>
         <load_address>0x20012074</load_address>
         <run_address>0x20012074</run_address>
         <size>0x12</size>
         <input_file_ref idref="fl-1e"/>
      </object_component>
      <object_component id="oc-668">
         <name>.text:I2CMasterIntClearEx</name>
         <load_address>0x20012086</load_address>
         <run_address>0x20012086</run_address>
         <size>0x12</size>
         <input_file_ref idref="fl-24"/>
      </object_component>
      <object_component id="oc-988">
         <name>.text:RingBuf_construct</name>
         <load_address>0x20012098</load_address>
         <run_address>0x20012098</run_address>
         <size>0x12</size>
         <input_file_ref idref="fl-1a"/>
      </object_component>
      <object_component id="oc-717">
         <name>.text:TimerIntClear</name>
         <load_address>0x200120aa</load_address>
         <run_address>0x200120aa</run_address>
         <size>0x12</size>
         <input_file_ref idref="fl-28"/>
      </object_component>
      <object_component id="oc-11f">
         <name>.text:main</name>
         <load_address>0x200120bc</load_address>
         <run_address>0x200120bc</run_address>
         <size>0x12</size>
         <input_file_ref idref="fl-4"/>
      </object_component>
      <object_component id="oc-565">
         <name>.text:wcslen</name>
         <load_address>0x200120ce</load_address>
         <run_address>0x200120ce</run_address>
         <size>0x12</size>
         <input_file_ref idref="fl-103"/>
      </object_component>
      <object_component id="oc-433">
         <name>.text:ClockP_add</name>
         <load_address>0x200120e0</load_address>
         <run_address>0x200120e0</run_address>
         <size>0x10</size>
         <input_file_ref idref="fl-1d"/>
      </object_component>
      <object_component id="oc-973">
[...]
      </symbol>
      <symbol id="sm-ac1">
         <name>HwiP_disableInterrupt</name>
         <value>0x200121ed</value>
         <object_component_ref idref="oc-6a7"/>
      </symbol>
      <symbol id="sm-af1">
         <name>PowerCC32XX_initPolicy</name>
         <value>0x2000e35f</value>
         <object_component_ref idref="oc-40a"/>
      </symbol>
      <symbol id="sm-af2">
         <name>PowerCC32XX_sleepPolicy</name>
         <value>0x2000d8f9</value>
         <object_component_ref idref="oc-410"/>
      </symbol>
      <symbol id="sm-b42">
         <name>resetISR</name>
         <value>0x20011dd1</value>
         <object_component_ref idref="oc-21"/>
      </symbol>
      <symbol id="sm-b43">
         <name>resetVectorAddr</name>
         <value>0x20011de4</value>
         <object_component_ref idref="oc-21"/>
      </symbol>
      <symbol id="sm-b44">
         <name>initVectors</name>
         <value>0x200115d1</value>
         <object_component_ref idref="oc-59"/>
      </symbol>
      <symbol id="sm-b45">
         <name>resetVectors</name>
         <value>0x20004000</value>
         <object_component_ref idref="oc-27"/>
      </symbol>
      <symbol id="sm-b75">
         <name>SwiP_disable</name>
         <value>0x20011d49</value>
         <object_component_ref idref="oc-5a6"/>
      </symbol>
      <symbol id="sm-b76">
         <name>SwiP_restore</name>
         <value>0x20011161</value>
         <object_component_ref idref="oc-5e6"/>
      </symbol>
      <symbol id="sm-b81">
         <name>CPUcpsid</name>
         <value>0x20011fbf</value>
         <object_component_ref idref="oc-a3"/>
      </symbol>
      <symbol id="sm-bee">
         <name>I2CRxFIFOFlush</name>
         <value>0x20011e33</value>
         <object_component_ref idref="oc-8a0"/>
      </symbol>
      <symbol id="sm-bef">
         <name>I2CTxFIFOFlush</name>
         <value>0x20011e4b</value>
         <object_component_ref idref="oc-89a"/>
      </symbol>
      <symbol id="sm-bf0">
         <name>I2CFIFODataPutNonBlocking</name>
         <value>0x20011a2b</value>
         <object_component_ref idref="oc-686"/>
      </symbol>
      <symbol id="sm-bf1">
         <name>I2CMasterBusBusy</name>
         <value>0x20011deb</value>
         <object_component_ref idref="oc-8a6"/>
      </symbol>
      <symbol id="sm-bf2">
         <name>I2CMasterIntDisableEx</name>
         <value>0x20011e03</value>
         <object_component_ref idref="oc-674"/>
      </symbol>
      <symbol id="sm-bf3">
         <name>I2CMasterBurstLengthSet</name>
         <value>0x20011f3d</value>
         <object_component_ref idref="oc-881"/>
      </symbol>
      <symbol id="sm-bf4">
         <name>I2CMasterIntClearEx</name>
         <value>0x20012087</value>
         <object_component_ref idref="oc-668"/>
      </symbol>
      <symbol id="sm-bf5">
         <name>I2CMasterSlaveAddrSet</name>
         <value>0x20011bf5</value>
         <object_component_ref idref="oc-875"/>
      </symbol>
      <symbol id="sm-bf6">
         <name>I2CMasterIntEnableEx</name>
         <value>0x20011e1b</value>
         <object_component_ref idref="oc-887"/>
      </symbol>
      <symbol id="sm-bf7">
         <name>I2CFIFOStatus</name>
         <value>0x20012151</value>
         <object_component_ref idref="oc-68c"/>
      </symbol>
      <symbol id="sm-bf8">
         <name>I2CMasterIntStatusEx</name>
         <value>0x20011c99</value>
         <object_component_ref idref="oc-662"/>
      </symbol>
      <symbol id="sm-bf9">
         <name>I2CFIFODataGetNonBlocking</name>
         <value>0x20011acd</value>
         <object_component_ref idref="oc-86d"/>
      </symbol>
      <symbol id="sm-c3e">
         <name>IntVTableBaseSet</name>
         <value>0x20012011</value>
         <object_component_ref idref="oc-af"/>
      </symbol>
      <symbol id="sm-c3f">
         <name>IntEnable</name>
         <value>0x2000f599</value>
         <object_component_ref idref="oc-b5"/>
      </symbol>
      <symbol id="sm-c40">
         <name>IntMasterDisable</name>
         <value>0x200122a9</value>
         <object_component_ref idref="oc-53"/>
      </symbol>
      <symbol id="sm-c41">
         <name>IntPendSet</name>
         <value>0x2000fc49</value>
         <object_component_ref idref="oc-966"/>
      </symbol>
      <symbol id="sm-c7b">
         <name>PinModeGet</name>
         <value>0x200117bd</value>
         <object_component_ref idref="oc-2c4"/>
      </symbol>
      <symbol id="sm-c7c">
         <name>PinConfigSet</name>
         <value>0x2000fcd1</value>
         <object_component_ref idref="oc-31d"/>
      </symbol>
      <symbol id="sm-c7d">
         <name>PinModeSet</name>
         <value>0x200112b1</value>
         <object_component_ref idref="oc-2ca"/>
      </symbol>
      <symbol id="sm-c7e">
         <name>PinToPadGet</name>
         <value>0x20011d2d</value>
         <object_component_ref idref="oc-934"/>
      </symbol>
      <symbol id="sm-d47">
         <name>PRCMLPDSRestoreInfoSet</name>
         <value>0x20011095</value>
         <object_component_ref idref="oc-948"/>
      </symbol>
      <symbol id="sm-d48">
         <name>PRCMPeripheralReset</name>
         <value>0x20010875</value>
         <object_component_ref idref="oc-2b8"/>
      </symbol>
      <symbol id="sm-d49">
         <name>PRCMLPDSEnter</name>
         <value>0x20010e5d</value>
         <object_component_ref idref="oc-7ee"/>
      </symbol>
      <symbol id="sm-d4a">
         <name>PRCMPeripheralClkEnable</name>
         <value>0x20010ea5</value>
         <object_component_ref idref="oc-2b2"/>
      </symbol>
      <symbol id="sm-d4b">
         <name>PRCMLPDSEnterKeepDebugIf</name>
         <value>0x20011561</value>
         <object_component_ref idref="oc-7f4"/>
      </symbol>
      <symbol id="sm-d4c">
         <name>PRCMCC3200MCUInit</name>
         <value>0x2000ca91</value>
         <object_component_ref idref="oc-1db"/>
      </symbol>
      <symbol id="sm-d4d">
         <name>PRCMHIBRegWrite</name>
         <value>0x20011f69</value>
         <object_component_ref idref="oc-2a6"/>
      </symbol>
      <symbol id="sm-d4e">
         <name>PRCMSysResetCauseGet</name>
         <value>0x2001075d</value>
         <object_component_ref idref="oc-29f"/>
      </symbol>
      <symbol id="sm-d4f">
         <name>PRCMPeripheralClkDisable</name>
         <value>0x20011a55</value>
         <object_component_ref idref="oc-2be"/>
      </symbol>
      <symbol id="sm-d50">
         <name>PRCMHIBRegRead</name>
         <value>0x20011f53</value>
         <object_component_ref idref="oc-2ac"/>
      </symbol>
      <symbol id="sm-d98">
         <name>TimerLoadSet</name>
         <value>0x200119d7</value>
         <object_component_ref idref="oc-701"/>
      </symbol>
      <symbol id="sm-d99">
         <name>TimerDisable</name>
         <value>0x20011cd5</value>
         <object_component_ref idref="oc-6f5"/>
      </symbol>
      <symbol id="sm-d9a">
         <name>TimerEnable</name>
         <value>0x20011cf3</value>
         <object_component_ref idref="oc-72c"/>
      </symbol>
      <symbol id="sm-d9b">
         <name>TimerIntDisable</name>
         <value>0x20011e95</value>
         <object_component_ref idref="oc-9fb"/>
      </symbol>
      <symbol id="sm-d9c">
         <name>TimerPrescaleSet</name>
         <value>0x20011a01</value>
         <object_component_ref idref="oc-6fb"/>
      </symbol>
      <symbol id="sm-d9d">
         <name>TimerControlStall</name>
         <value>0x200116b1</value>
         <object_component_ref idref="oc-707"/>
      </symbol>
      <symbol id="sm-d9e">
         <name>TimerIntEnable</name>
         <value>0x20011ead</value>
         <object_component_ref idref="oc-720"/>
      </symbol>
      <symbol id="sm-d9f">
         <name>TimerIntClear</name>
         <value>0x200120ab</value>
         <object_component_ref idref="oc-717"/>
      </symbol>
      <symbol id="sm-db3">
         <name>UARTBusy</name>
         <value>0x20011ec5</value>
         <object_component_ref idref="oc-9dd"/>
      </symbol>
      <symbol id="sm-db4">
         <name>UARTIntEnable</name>
         <value>0x20011edd</value>
         <object_component_ref idref="oc-a70"/>
      </symbol>
      <symbol id="sm-db8">
         <name>UtilsDelay</name>
         <value>0x200122f1</value>
         <object_component_ref idref="oc-2a5"/>
      </symbol>
      <symbol id="sm-dc8">
         <name>FlashDisable</name>
         <value>0x20010d85</value>
         <object_component_ref idref="oc-95e"/>
      </symbol>
      <symbol id="sm-df7">
         <name>snprintf</name>
         <value>0x20010d39</value>
         <object_component_ref idref="oc-225"/>
      </symbol>
      <symbol id="sm-e01">
         <name>__aeabi_fmul</name>
         <value>0x20010163</value>
         <object_component_ref idref="oc-39f"/>
      </symbol>
      <symbol id="sm-e0b">
         <name>__aeabi_f2iz</name>
         <value>0x20011641</value>
         <object_component_ref idref="oc-3a4"/>
      </symbol>
      <symbol id="sm-e16">
         <name>__aeabi_i2f</name>
         <value>0x20011679</value>
         <object_component_ref idref="oc-39a"/>
      </symbol>
      <symbol id="sm-e1f">
         <name>__aeabi_lmul</name>
         <value>0x20011f25</value>
         <object_component_ref idref="oc-5d5"/>
      </symbol>
      <symbol id="sm-e3a">
         <name>memcpy</name>
         <value>0x2000f969</value>
         <object_component_ref idref="oc-3b"/>
      </symbol>
      <symbol id="sm-e3b">
         <name>__aeabi_memcpy</name>
         <value>0x2000f969</value>
         <object_component_ref idref="oc-3b"/>
      </symbol>
      <symbol id="sm-e3c">
         <name>__aeabi_memcpy8</name>
         <value>0x2000f969</value>
         <object_component_ref idref="oc-3b"/>
      </symbol>
      <symbol id="sm-e3d">
         <name>__aeabi_memcpy4</name>
         <value>0x2000f969</value>
         <object_component_ref idref="oc-3b"/>
      </symbol>
      <symbol id="sm-e4a">
         <name>__aeabi_uldivmod</name>
         <value>0x2000fa05</value>
         <object_component_ref idref="oc-5ca"/>
      </symbol>
      <symbol id="sm-e5c">
         <name>__TI_zero_init</name>
         <value>0x20012265</value>
         <object_component_ref idref="oc-4d"/>
      </symbol>
      <symbol id="sm-e73">
         <name>__TI_decompress_none</name>
         <value>0x20012233</value>
         <object_component_ref idref="oc-1a"/>
      </symbol>
      <symbol id="sm-e96">
         <name>__TI_decompress_lzss</name>
         <value>0x20010501</value>
         <object_component_ref idref="oc-14"/>
      </symbol>
      <symbol id="sm-f1f">
         <name>_sys_memory</name>
         <value>0x20004040</value>
         <object_component_ref idref="oc-2a"/>
      </symbol>
      <symbol id="sm-f20">
         <name>free</name>
         <value>0x2000ecc5</value>
         <object_component_ref idref="oc-42c"/>
      </symbol>
      <symbol id="sm-f21">
         <name>memalign</name>
         <value>0x2000e7ed</value>
         <object_component_ref idref="oc-632"/>
      </symbol>
      <symbol id="sm-f22">
         <name>malloc</name>
         <value>0x200122cd</value>
         <object_component_ref idref="oc-486"/>
      </symbol>
      <symbol id="sm-f23">
         <name>aligned_alloc</name>
         <value>0x2000e7ed</value>
         <object_component_ref idref="oc-632"/>
      </symbol>
      <symbol id="sm-f35">
         <name>__stack</name>
         <value>0x20003000</value>
         <object_component_ref idref="oc-2d"/>
      </symbol>
      <symbol id="sm-f36">
         <name>_c_int00_noargs</name>
         <value>0x20011bd1</value>
         <object_component_ref idref="oc-c5"/>
      </symbol>
      <symbol id="sm-109b">
         <name>__TI_printfi</name>
         <value>0x2000c041</value>
         <object_component_ref idref="oc-3aa"/>
      </symbol>
      <symbol id="sm-10a5">
         <name>__aeabi_idiv0</name>
         <value>0x2001155f</value>
         <object_component_ref idref="oc-7bf"/>
      </symbol>
      <symbol id="sm-10a6">
         <name>__aeabi_ldiv0</name>
         <value>0x2001155f</value>
         <object_component_ref idref="oc-7bf"/>
      </symbol>
      <symbol id="sm-10bd">
         <name>__aeabi_dsub</name>
         <value>0x2000d741</value>
         <object_component_ref idref="oc-75b"/>
      </symbol>
      <symbol id="sm-10be">
         <name>__aeabi_dadd</name>
         <value>0x2000d74b</value>
         <object_component_ref idref="oc-75b"/>
      </symbol>
      <symbol id="sm-10e0">
         <name>__aeabi_cdcmpeq</name>
         <value>0x2000fd59</value>
         <object_component_ref idref="oc-542"/>
      </symbol>
      <symbol id="sm-10e1">
         <name>__aeabi_cdcmple</name>
         <value>0x2000fd59</value>
         <object_component_ref idref="oc-542"/>
      </symbol>
      <symbol id="sm-10e2">
         <name>__aeabi_cdrcmple</name>
         <value>0x2000fddf</value>
         <object_component_ref idref="oc-746"/>
      </symbol>
      <symbol id="sm-10f6">
         <name>__aeabi_ddiv</name>
         <value>0x2000e229</value>
         <object_component_ref idref="oc-741"/>
      </symbol>
      <symbol id="sm-1101">
         <name>__aeabi_dmul</name>
         <value>0x2000e9e9</value>
         <object_component_ref idref="oc-73c"/>
      </symbol>
      <symbol id="sm-110b">
         <name>__aeabi_d2iz</name>
         <value>0x20010f7d</value>
         <object_component_ref idref="oc-74b"/>
      </symbol>
      <symbol id="sm-1115">
         <name>__aeabi_i2d</name>
         <value>0x20011951</value>
         <object_component_ref idref="oc-756"/>
      </symbol>
      <symbol id="sm-1124">
         <name>__aeabi_memset</name>
         <value>0x200101df</value>
         <object_component_ref idref="oc-9d"/>
      </symbol>
      <symbol id="sm-1125">
         <name>memset</name>
         <value>0x200101e5</value>
         <object_component_ref idref="oc-9d"/>
      </symbol>
      <symbol id="sm-1126">
         <name>__aeabi_memset8</name>
         <value>0x200101df</value>
         <object_component_ref idref="oc-9d"/>
      </symbol>
      <symbol id="sm-1127">
         <name>__aeabi_memset4</name>
         <value>0x200101df</value>
         <object_component_ref idref="oc-9d"/>
      </symbol>
      <symbol id="sm-1128">
         <name>__aeabi_memclr8</name>
         <value>0x200101dd</value>
         <object_component_ref idref="oc-9d"/>
      </symbol>
      <symbol id="sm-1129">
         <name>__aeabi_memclr4</name>
         <value>0x200101dd</value>
         <object_component_ref idref="oc-9d"/>
      </symbol>
      <symbol id="sm-112a">
         <name>__aeabi_memclr</name>
         <value>0x200101dd</value>
         <object_component_ref idref="oc-9d"/>
      </symbol>
      <symbol id="sm-1152">
         <name>__TI_auto_init_nobinit_nopinit</name>
         <value>0x2001122d</value>
         <object_component_ref idref="oc-179"/>
      </symbol>
      <symbol id="sm-115c">
         <name>_system_pre_init</name>
         <value>0x20012307</value>
         <object_component_ref idref="oc-119"/>
      </symbol>
      <symbol id="sm-1168">
         <name>C$$EXIT</name>
         <value>0x2001230b</value>
         <object_component_ref idref="oc-16d"/>
      </symbol>
      <symbol id="sm-1169">
         <name>abort</name>
         <value>0x2001230b</value>
         <object_component_ref idref="oc-16d"/>
      </symbol>
      <symbol id="sm-117e">
         <name>_nop</name>
         <value>0x2000f0bf</value>
         <object_component_ref idref="oc-3d7"/>
      </symbol>
      <symbol id="sm-117f">
         <name>_lock</name>
         <value>0x2001297c</value>
         <object_component_ref idref="oc-248"/>
      </symbol>
      <symbol id="sm-1180">
         <name>_unlock</name>
         <value>0x20012980</value>
         <object_component_ref idref="oc-248"/>
      </symbol>
      <symbol id="sm-118f">
         <name>__TI_ltoa</name>
         <value>0x2001097b</value>
         <object_component_ref idref="oc-750"/>
      </symbol>
      <symbol id="sm-11a6">
         <name>atoi</name>
         <value>0x20010ca1</value>
         <object_component_ref idref="oc-536"/>
      </symbol>
      <symbol id="sm-11b1">
         <name>_ctypes_</name>
         <value>0x200129ac</value>
         <object_component_ref idref="oc-735"/>
      </symbol>
      <symbol id="sm-11c1">
         <name>memccpy</name>
         <value>0x20011d81</value>
         <object_component_ref idref="oc-55f"/>
      </symbol>
      <symbol id="sm-11d1">
         <name>strchr</name>
         <value>0x20011f95</value>
         <object_component_ref idref="oc-787"/>
      </symbol>
      <symbol id="sm-11df">
         <name>strlen</name>
         <value>0x20012061</value>
         <object_component_ref idref="oc-530"/>
      </symbol>
      <symbol id="sm-11f5">
         <name>__aeabi_errno_addr</name>
         <value>0x200122c5</value>
         <object_component_ref idref="oc-56b"/>
      </symbol>
      <symbol id="sm-11f6">
         <name>errno</name>
         <value>0x200129a4</value>
         <object_component_ref idref="oc-797"/>
      </symbol>
      <symbol id="sm-120f">
         <name>wcslen</name>
         <value>0x200120cf</value>
         <object_component_ref idref="oc-565"/>
      </symbol>
      <symbol id="sm-122f">
         <name>frexpl</name>
         <value>0x200107bd</value>
         <object_component_ref idref="oc-77b"/>
      </symbol>
      <symbol id="sm-1230">
         <name>frexp</name>
         <value>0x200107bd</value>
         <object_component_ref idref="oc-77b"/>
      </symbol>
      <symbol id="sm-124e">
         <name>scalbn</name>
         <value>0x2000eda9</value>
         <object_component_ref idref="oc-781"/>
      </symbol>
      <symbol id="sm-124f">
         <name>scalbnl</name>
         <value>0x2000eda9</value>
         <object_component_ref idref="oc-781"/>
      </symbol>
      <symbol id="sm-1250">
         <name>ldexpl</name>
         <value>0x2000eda9</value>
         <object_component_ref idref="oc-781"/>
      </symbol>
      <symbol id="sm-1251">
         <name>ldexp</name>
         <value>0x2000eda9</value>
         <object_component_ref idref="oc-781"/>
      </symbol>
      <symbol id="sm-125b">
         <name>copysign</name>
         <value>0x20012259</value>
         <object_component_ref idref="oc-8fe"/>
      </symbol>
      <symbol id="sm-125c">
         <name>copysignl</name>
         <value>0x20012259</value>
         <object_component_ref idref="oc-8fe"/>
      </symbol>
      <symbol id="sm-125d">
         <name>__TI_static_base__</name>
         <value>0x20013328</value>
      </symbol>
      <symbol id="sm-1260">
         <name>ITM_flush</name>
         <value>0x0</value>
      </symbol>
      <symbol id="sm-1261">
         <name>ITM_restore</name>
         <value>0x0</value>
      </symbol>
      <symbol id="sm-1262">
         <name>__mpu_init</name>
         <value>0x0</value>
      </symbol>
      <symbol id="sm-1263">
         <name>_system_post_cinit</name>
         <value>0x0</value>
      </symbol>
      <symbol id="sm-1264">
         <name>NoRTOS_start</name>
         <value>0x200121fb</value>
      </symbol>
   </symbol_table>
   <title>Link successful</title>
</link_info>
